[smarthr.co.in/demo/html/template/index.html]
[backblue.gif]
[fade.gif]
[index.html]
[smarthr.co.in/demo/html/template/assets/img/apple-touch-icon.png]
[smarthr.co.in/demo/html/template/assets/img/favicon.png]
[smarthr.co.in/demo/html/template/assets/js/theme-script.js]
[smarthr.co.in/demo/html/template/assets/css/bootstrap.min.css]
[smarthr.co.in/demo/html/template/assets/plugins/icons/feather/feather.css]
[smarthr.co.in/demo/html/template/assets/plugins/tabler-icons/tabler-icons.css]
[smarthr.co.in/demo/html/template/assets/plugins/select2/css/select2.min.css]
[smarthr.co.in/demo/html/template/assets/plugins/fontawesome/css/fontawesome.min.css]
[smarthr.co.in/demo/html/template/assets/plugins/fontawesome/css/all.min.css]
[smarthr.co.in/demo/html/template/assets/css/bootstrap-datetimepicker.min.css]
[smarthr.co.in/demo/html/template/assets/plugins/bootstrap-tagsinput/bootstrap-tagsinput.css]
[smarthr.co.in/demo/html/template/assets/plugins/summernote/summernote-lite.min.css]
[smarthr.co.in/demo/html/template/assets/plugins/daterangepicker/daterangepicker.css]
[smarthr.co.in/demo/html/template/assets/plugins/flatpickr/flatpickr.min.css]
[smarthr.co.in/demo/html/template/assets/plugins/@simonwep/pickr/themes/nano.min.css]
[smarthr.co.in/demo/html/template/assets/css/style.css]
[smarthr.co.in/demo/html/template/assets/img/logo.svg]
[smarthr.co.in/demo/html/template/assets/img/logo-white.svg]
[smarthr.co.in/demo/html/template/contacts.html]
[smarthr.co.in/demo/html/template/deals-grid.html]
[smarthr.co.in/demo/html/template/pipeline.html]
[smarthr.co.in/demo/html/template/companies-grid.html]
[smarthr.co.in/demo/html/template/leads-grid.html]
[smarthr.co.in/demo/html/template/activity.html]
[smarthr.co.in/demo/html/template/profile-settings.html]
[smarthr.co.in/demo/html/template/employee-dashboard.html]
[smarthr.co.in/demo/html/template/deals-dashboard.html]
[smarthr.co.in/demo/html/template/leads-dashboard.html]
[smarthr.co.in/demo/html/template/dashboard.html]
[smarthr.co.in/demo/html/template/companies.html]
[smarthr.co.in/demo/html/template/subscription.html]
[smarthr.co.in/demo/html/template/packages.html]
[smarthr.co.in/demo/html/template/domain.html]
[smarthr.co.in/demo/html/template/purchase-transaction.html]
[smarthr.co.in/demo/html/template/chat.html]
[smarthr.co.in/demo/html/template/call]
[smarthr.co.in/demo/html/template/voice-call.html]
[smarthr.co.in/demo/html/template/video-call.html]
[smarthr.co.in/demo/html/template/outgoing-call.html]
[smarthr.co.in/demo/html/template/incoming-call.html]
[smarthr.co.in/demo/html/template/call-history.html]
[smarthr.co.in/demo/html/template/calendar.html]
[smarthr.co.in/demo/html/template/email.html]
[smarthr.co.in/demo/html/template/todo.html]
[smarthr.co.in/demo/html/template/notes.html]
[smarthr.co.in/demo/html/template/file-manager.html]
[smarthr.co.in/demo/html/template/kanban-view.html]
[smarthr.co.in/demo/html/template/invoices.html]
[smarthr.co.in/demo/html/template/layout-horizontal.html]
[smarthr.co.in/demo/html/template/layout-detached.html]
[smarthr.co.in/demo/html/template/layout-modern.html]
[smarthr.co.in/demo/html/template/layout-two-column.html]
[smarthr.co.in/demo/html/template/layout-hovered.html]
[smarthr.co.in/demo/html/template/layout-box.html]
[smarthr.co.in/demo/html/template/layout-horizontal-single.html]
[smarthr.co.in/demo/html/template/layout-horizontal-overlay.html]
[smarthr.co.in/demo/html/template/layout-horizontal-box.html]
[smarthr.co.in/demo/html/template/layout-horizontal-sidemenu.html]
[smarthr.co.in/demo/html/template/layout-vertical-transparent.html]
[smarthr.co.in/demo/html/template/layout-without-header.html]
[smarthr.co.in/demo/html/template/layout-rtl.html]
[smarthr.co.in/demo/html/template/layout-dark.html]
[smarthr.co.in/demo/html/template/clients-grid.html]
[smarthr.co.in/demo/html/template/projects-grid.html]
[smarthr.co.in/demo/html/template/tasks.html]
[smarthr.co.in/demo/html/template/task-board.html]
[smarthr.co.in/demo/html/template/contacts-grid.html]
[smarthr.co.in/demo/html/template/analytics.html]
[smarthr.co.in/demo/html/template/employees.html]
[smarthr.co.in/demo/html/template/employees-grid.html]
[smarthr.co.in/demo/html/template/employee-details.html]
[smarthr.co.in/demo/html/template/departments.html]
[smarthr.co.in/demo/html/template/designations.html]
[smarthr.co.in/demo/html/template/policy.html]
[smarthr.co.in/demo/html/template/tickets.html]
[smarthr.co.in/demo/html/template/ticket-details.html]
[smarthr.co.in/demo/html/template/holidays.html]
[smarthr.co.in/demo/html/template/leaves-employee.html]
[smarthr.co.in/demo/html/template/attendance-admin.html]
[smarthr.co.in/demo/html/template/attendance-employee.html]
[smarthr.co.in/demo/html/template/timesheets.html]
[smarthr.co.in/demo/html/template/schedule-timing.html]
[smarthr.co.in/demo/html/template/overtime.html]
[smarthr.co.in/demo/html/template/performance-indicator.html]
[smarthr.co.in/demo/html/template/performance-review.html]
[smarthr.co.in/demo/html/template/performance-appraisal.html]
[smarthr.co.in/demo/html/template/goal-tracking.html]
[smarthr.co.in/demo/html/template/goal-type.html]
[smarthr.co.in/demo/html/template/training.html]
[smarthr.co.in/demo/html/template/trainers.html]
[smarthr.co.in/demo/html/template/training-type.html]
[smarthr.co.in/demo/html/template/promotion.html]
[smarthr.co.in/demo/html/template/resignation.html]
[smarthr.co.in/demo/html/template/termination.html]
[smarthr.co.in/demo/html/template/estimates.html]
[smarthr.co.in/demo/html/template/payments.html]
[smarthr.co.in/demo/html/template/expenses.html]
[smarthr.co.in/demo/html/template/provident-fund.html]
[smarthr.co.in/demo/html/template/taxes.html]
[smarthr.co.in/demo/html/template/categories.html]
[smarthr.co.in/demo/html/template/budgets.html]
[smarthr.co.in/demo/html/template/budget-expenses.html]
[smarthr.co.in/demo/html/template/budget-revenues.html]
[smarthr.co.in/demo/html/template/employee-salary.html]
[smarthr.co.in/demo/html/template/payslip.html]
[smarthr.co.in/demo/html/template/payroll.html]
[smarthr.co.in/demo/html/template/assets/index.html]
[smarthr.co.in/demo/html/template/asset-categories.html]
[smarthr.co.in/demo/html/template/knowledgebase.html]
[smarthr.co.in/demo/html/template/users.html]
[smarthr.co.in/demo/html/template/roles-permissions.html]
[smarthr.co.in/demo/html/template/expenses-report.html]
[smarthr.co.in/demo/html/template/invoice-report.html]
[smarthr.co.in/demo/html/template/payment-report.html]
[smarthr.co.in/demo/html/template/project-report.html]
[smarthr.co.in/demo/html/template/task-report.html]
[smarthr.co.in/demo/html/template/user-report.html]
[smarthr.co.in/demo/html/template/employee-report.html]
[smarthr.co.in/demo/html/template/payslip-report.html]
[smarthr.co.in/demo/html/template/attendance-report.html]
[smarthr.co.in/demo/html/template/leave-report.html]
[smarthr.co.in/demo/html/template/daily-report.html]
[smarthr.co.in/demo/html/template/security-settings.html]
[smarthr.co.in/demo/html/template/notification-settings.html]
[smarthr.co.in/demo/html/template/connected-apps.html]
[smarthr.co.in/demo/html/template/bussiness-settings.html]
[smarthr.co.in/demo/html/template/seo-settings.html]
[smarthr.co.in/demo/html/template/localization-settings.html]
[smarthr.co.in/demo/html/template/prefixes.html]
[smarthr.co.in/demo/html/template/preferences.html]
[smarthr.co.in/demo/html/template/language.html]
[smarthr.co.in/demo/html/template/authentication-settings.html]
[smarthr.co.in/demo/html/template/ai-settings.html]
[smarthr.co.in/demo/html/template/salary-settings.html]
[smarthr.co.in/demo/html/template/approval-settings.html]
[smarthr.co.in/demo/html/template/invoice-settings.html]
[smarthr.co.in/demo/html/template/leave-type.html]
[smarthr.co.in/demo/html/template/custom-fields.html]
[smarthr.co.in/demo/html/template/email-settings.html]
[smarthr.co.in/demo/html/template/email-template.html]
[smarthr.co.in/demo/html/template/sms-settings.html]
[smarthr.co.in/demo/html/template/sms-template.html]
[smarthr.co.in/demo/html/template/otp-settings.html]
[smarthr.co.in/demo/html/template/gdpr.html]
[smarthr.co.in/demo/html/template/maintenance-mode.html]
[smarthr.co.in/demo/html/template/payment-gateways.html]
[smarthr.co.in/demo/html/template/tax-rates.html]
[smarthr.co.in/demo/html/template/currencies.html]
[smarthr.co.in/demo/html/template/custom-css.html]
[smarthr.co.in/demo/html/template/custom-js.html]
[smarthr.co.in/demo/html/template/cronjob.html]
[smarthr.co.in/demo/html/template/storage-settings.html]
[smarthr.co.in/demo/html/template/ban-ip-address.html]
[smarthr.co.in/demo/html/template/backup.html]
[smarthr.co.in/demo/html/template/clear-cache.html]
[smarthr.co.in/demo/html/template/starter.html]
[smarthr.co.in/demo/html/template/profile.html]
[smarthr.co.in/demo/html/template/gallery.html]
[smarthr.co.in/demo/html/template/search-result.html]
[smarthr.co.in/demo/html/template/timeline.html]
[smarthr.co.in/demo/html/template/pricing.html]
[smarthr.co.in/demo/html/template/coming-soon.html]
[smarthr.co.in/demo/html/template/under-maintenance.html]
[smarthr.co.in/demo/html/template/under-construction.html]
[smarthr.co.in/demo/html/template/api-keys.html]
[smarthr.co.in/demo/html/template/privacy-policy.html]
[smarthr.co.in/demo/html/template/terms-condition.html]
[smarthr.co.in/demo/html/template/pages.html]
[smarthr.co.in/demo/html/template/blogs.html]
[smarthr.co.in/demo/html/template/blog-categories.html]
[smarthr.co.in/demo/html/template/blog-comments.html]
[smarthr.co.in/demo/html/template/blog-tags.html]
[smarthr.co.in/demo/html/template/countries.html]
[smarthr.co.in/demo/html/template/states.html]
[smarthr.co.in/demo/html/template/cities.html]
[smarthr.co.in/demo/html/template/testimonials.html]
[smarthr.co.in/demo/html/template/faq.html]
[smarthr.co.in/demo/html/template/login.html]
[smarthr.co.in/demo/html/template/login-2.html]
[smarthr.co.in/demo/html/template/login-3.html]
[smarthr.co.in/demo/html/template/register.html]
[smarthr.co.in/demo/html/template/register-2.html]
[smarthr.co.in/demo/html/template/register-3.html]
[smarthr.co.in/demo/html/template/forgot-password.html]
[smarthr.co.in/demo/html/template/forgot-password-2.html]
[smarthr.co.in/demo/html/template/forgot-password-3.html]
[smarthr.co.in/demo/html/template/reset-password.html]
[smarthr.co.in/demo/html/template/reset-password-2.html]
[smarthr.co.in/demo/html/template/reset-password-3.html]
[smarthr.co.in/demo/html/template/email-verification.html]
[smarthr.co.in/demo/html/template/email-verification-2.html]
[smarthr.co.in/demo/html/template/email-verification-3.html]
[smarthr.co.in/demo/html/template/two-step-verification.html]
[smarthr.co.in/demo/html/template/two-step-verification-2.html]
[smarthr.co.in/demo/html/template/two-step-verification-3.html]
[smarthr.co.in/demo/html/template/lock-screen.html]
[smarthr.co.in/demo/html/template/error-404.html]
[smarthr.co.in/demo/html/template/error-500.html]
[smarthr.co.in/demo/html/template/ui-alerts.html]
[smarthr.co.in/demo/html/template/ui-accordion.html]
[smarthr.co.in/demo/html/template/ui-avatar.html]
[smarthr.co.in/demo/html/template/ui-badges.html]
[smarthr.co.in/demo/html/template/ui-borders.html]
[smarthr.co.in/demo/html/template/ui-buttons.html]
[smarthr.co.in/demo/html/template/ui-buttons-group.html]
[smarthr.co.in/demo/html/template/ui-breadcrumb.html]
[smarthr.co.in/demo/html/template/ui-cards.html]
[smarthr.co.in/demo/html/template/ui-carousel.html]
[smarthr.co.in/demo/html/template/ui-colors.html]
[smarthr.co.in/demo/html/template/ui-dropdowns.html]
[smarthr.co.in/demo/html/template/ui-grid.html]
[smarthr.co.in/demo/html/template/ui-images.html]
[smarthr.co.in/demo/html/template/ui-lightbox.html]
[smarthr.co.in/demo/html/template/ui-media.html]
[smarthr.co.in/demo/html/template/ui-modals.html]
[smarthr.co.in/demo/html/template/ui-offcanvas.html]
[smarthr.co.in/demo/html/template/ui-pagination.html]
[smarthr.co.in/demo/html/template/ui-popovers.html]
[smarthr.co.in/demo/html/template/ui-progress.html]
[smarthr.co.in/demo/html/template/ui-placeholders.html]
[smarthr.co.in/demo/html/template/ui-spinner.html]
[smarthr.co.in/demo/html/template/ui-sweetalerts.html]
[smarthr.co.in/demo/html/template/ui-nav-tabs.html]
[smarthr.co.in/demo/html/template/ui-toasts.html]
[smarthr.co.in/demo/html/template/ui-tooltips.html]
[smarthr.co.in/demo/html/template/ui-typography.html]
[smarthr.co.in/demo/html/template/ui-video.html]
[smarthr.co.in/demo/html/template/ui-sortable.html]
[smarthr.co.in/demo/html/template/ui-swiperjs.html]
[smarthr.co.in/demo/html/template/ui-ribbon.html]
[smarthr.co.in/demo/html/template/ui-clipboard.html]
[smarthr.co.in/demo/html/template/ui-drag-drop.html]
[smarthr.co.in/demo/html/template/ui-rangeslider.html]
[smarthr.co.in/demo/html/template/ui-rating.html]
[smarthr.co.in/demo/html/template/ui-text-editor.html]
[smarthr.co.in/demo/html/template/ui-counter.html]
[smarthr.co.in/demo/html/template/ui-scrollbar.html]
[smarthr.co.in/demo/html/template/ui-stickynote.html]
[smarthr.co.in/demo/html/template/ui-timeline.html]
[smarthr.co.in/demo/html/template/form-basic-inputs.html]
[smarthr.co.in/demo/html/template/form-checkbox-radios.html]
[smarthr.co.in/demo/html/template/form-input-groups.html]
[smarthr.co.in/demo/html/template/form-grid-gutters.html]
[smarthr.co.in/demo/html/template/form-select.html]
[smarthr.co.in/demo/html/template/form-mask.html]
[smarthr.co.in/demo/html/template/form-fileupload.html]
[smarthr.co.in/demo/html/template/form-horizontal.html]
[smarthr.co.in/demo/html/template/form-vertical.html]
[smarthr.co.in/demo/html/template/form-floating-labels.html]
[smarthr.co.in/demo/html/template/form-validation.html]
[smarthr.co.in/demo/html/template/form-select2.html]
[smarthr.co.in/demo/html/template/form-wizard.html]
[smarthr.co.in/demo/html/template/form-pickers.html]
[smarthr.co.in/demo/html/template/tables-basic.html]
[smarthr.co.in/demo/html/template/data-tables.html]
[smarthr.co.in/demo/html/template/chart-apex.html]
[smarthr.co.in/demo/html/template/chart-c3.html]
[smarthr.co.in/demo/html/template/chart-js.html]
[smarthr.co.in/demo/html/template/chart-morris.html]
[smarthr.co.in/demo/html/template/chart-flot.html]
[smarthr.co.in/demo/html/template/chart-peity.html]
[smarthr.co.in/demo/html/template/icon-fontawesome.html]
[smarthr.co.in/demo/html/template/icon-tabler.html]
[smarthr.co.in/demo/html/template/icon-bootstrap.html]
[smarthr.co.in/demo/html/template/icon-remix.html]
[smarthr.co.in/demo/html/template/icon-feather.html]
[smarthr.co.in/demo/html/template/icon-ionic.html]
[smarthr.co.in/demo/html/template/icon-material.html]
[smarthr.co.in/demo/html/template/icon-pe7.html]
[smarthr.co.in/demo/html/template/icon-simpleline.html]
[smarthr.co.in/demo/html/template/icon-themify.html]
[smarthr.co.in/demo/html/template/icon-weather.html]
[smarthr.co.in/demo/html/template/icon-typicon.html]
[smarthr.co.in/demo/html/template/icon-flag.html]
[smarthr.co.in/demo/html/template/maps-vector.html]
[smarthr.co.in/demo/html/template/maps-leaflet.html]
[smarthr.co.in/demo/html/template/assets/img/profiles/avatar-27.jpg]
[smarthr.co.in/demo/html/template/assets/img/profiles/avatar-23.jpg]
[smarthr.co.in/demo/html/template/assets/img/profiles/avatar-25.jpg]
[smarthr.co.in/demo/html/template/assets/img/profiles/avatar-01.jpg]
[smarthr.co.in/demo/html/template/assets/img/profiles/avatar-12.jpg]
[smarthr.co.in/demo/html/template/assets/img/logo-small.svg]
[smarthr.co.in/demo/html/template/assets/img/profiles/avatar-02.jpg]
[smarthr.co.in/demo/html/template/social-feed.html]
[smarthr.co.in/demo/html/template/job-grid.html]
[smarthr.co.in/demo/html/template/candidates-grid.html]
[smarthr.co.in/demo/html/template/refferals.html]
[smarthr.co.in/demo/html/template/assets/img/profiles/avatar-07.jpg]
[smarthr.co.in/demo/html/template/assets/img/profiles/avatar-31.jpg]
[smarthr.co.in/demo/html/template/projects.html]
[smarthr.co.in/demo/html/template/clients.html]
[smarthr.co.in/demo/html/template/job-list.html]
[smarthr.co.in/demo/html/template/candidates.html]
[smarthr.co.in/demo/html/template/assets/img/profiles/avatar-24.jpg]
[smarthr.co.in/demo/html/template/assets/img/profiles/avatar-30.jpg]
[smarthr.co.in/demo/html/template/assets/img/profiles/avatar-14.jpg]
[smarthr.co.in/demo/html/template/assets/img/profiles/avatar-29.jpg]
[smarthr.co.in/demo/html/template/assets/img/icons/apple.svg]
[smarthr.co.in/demo/html/template/assets/img/icons/php.svg]
[smarthr.co.in/demo/html/template/assets/img/icons/react.svg]
[smarthr.co.in/demo/html/template/assets/img/icons/laravel-icon.svg]
[smarthr.co.in/demo/html/template/assets/img/users/user-09.jpg]
[smarthr.co.in/demo/html/template/assets/img/users/user-32.jpg]
[smarthr.co.in/demo/html/template/assets/img/users/user-34.jpg]
[smarthr.co.in/demo/html/template/assets/img/users/user-01.jpg]
[smarthr.co.in/demo/html/template/assets/img/users/user-37.jpg]
[smarthr.co.in/demo/html/template/invoice-details.html]
[smarthr.co.in/demo/html/template/assets/img/users/user-39.jpg]
[smarthr.co.in/demo/html/template/assets/img/users/user-40.jpg]
[smarthr.co.in/demo/html/template/assets/img/users/user-55.jpg]
[smarthr.co.in/demo/html/template/assets/img/users/user-42.jpg]
[smarthr.co.in/demo/html/template/assets/img/users/user-44.jpg]
[smarthr.co.in/demo/html/template/invoice.html]
[smarthr.co.in/demo/html/template/project-details.html]
[smarthr.co.in/demo/html/template/assets/img/profiles/avatar-03.jpg]
[smarthr.co.in/demo/html/template/assets/img/profiles/avatar-05.jpg]
[smarthr.co.in/demo/html/template/assets/img/profiles/avatar-06.jpg]
[smarthr.co.in/demo/html/template/assets/img/profiles/avatar-08.jpg]
[smarthr.co.in/demo/html/template/assets/img/profiles/avatar-09.jpg]
[smarthr.co.in/demo/html/template/assets/img/profiles/avatar-11.jpg]
[smarthr.co.in/demo/html/template/assets/img/profiles/avatar-13.jpg]
[smarthr.co.in/demo/html/template/assets/img/profiles/avatar-17.jpg]
[smarthr.co.in/demo/html/template/assets/img/profiles/avatar-18.jpg]
[smarthr.co.in/demo/html/template/assets/img/profiles/avatar-19.jpg]
[smarthr.co.in/demo/html/template/assets/img/profiles/avatar-15.jpg]
[smarthr.co.in/demo/html/template/assets/img/profiles/avatar-16.jpg]
[smarthr.co.in/demo/html/template/assets/img/users/user-49.jpg]
[smarthr.co.in/demo/html/template/assets/img/users/user-13.jpg]
[smarthr.co.in/demo/html/template/assets/img/users/user-11.jpg]
[smarthr.co.in/demo/html/template/assets/img/users/user-22.jpg]
[smarthr.co.in/demo/html/template/assets/img/users/user-58.jpg]
[smarthr.co.in/demo/html/template/assets/img/users/user-38.jpg]
[smarthr.co.in/demo/html/template/assets/img/users/user-19.jpg]
[smarthr.co.in/demo/html/template/assets/img/users/user-20.jpg]
[smarthr.co.in/demo/html/template/assets/img/users/user-08.jpg]
[smarthr.co.in/demo/html/template/assets/img/users/user-10.jpg]
[smarthr.co.in/demo/html/template/assets/img/users/user-12.jpg]
[smarthr.co.in/cdn-cgi/scripts/5c5dd728/cloudflare-static/email-decode.min.js]
[smarthr.co.in/demo/html/template/assets/js/jquery-3.7.1.min.js]
[smarthr.co.in/demo/html/template/assets/js/bootstrap.bundle.min.js]
[smarthr.co.in/demo/html/template/assets/js/feather.min.js]
[smarthr.co.in/demo/html/template/assets/js/jquery.slimscroll.min.js]
[smarthr.co.in/demo/html/template/assets/plugins/apexchart/apexcharts.min.js]
[smarthr.co.in/demo/html/template/assets/plugins/apexchart/chart-data.js]
[smarthr.co.in/demo/html/template/assets/plugins/chartjs/chart.min.js]
[smarthr.co.in/demo/html/template/assets/plugins/chartjs/chart-data.js]
[smarthr.co.in/demo/html/template/assets/js/moment.js]
[smarthr.co.in/demo/html/template/assets/js/bootstrap-datetimepicker.min.js]
[smarthr.co.in/demo/html/template/assets/plugins/daterangepicker/daterangepicker.js]
[smarthr.co.in/demo/html/template/assets/plugins/summernote/summernote-lite.min.js]
[smarthr.co.in/demo/html/template/assets/plugins/bootstrap-tagsinput/bootstrap-tagsinput.js]
[smarthr.co.in/demo/html/template/assets/plugins/select2/js/select2.min.js]
[smarthr.co.in/demo/html/template/assets/plugins/@simonwep/pickr/pickr.es5.min.js]
[smarthr.co.in/demo/html/template/assets/js/todo.js]
[smarthr.co.in/demo/html/template/assets/js/theme-colorpicker.js]
[smarthr.co.in/demo/html/template/assets/js/script.js]
[smarthr.co.in/demo/html/template/index.html]
[smarthr.co.in/demo/html/template/assets/css/bootstrap.min.css]
[smarthr.co.in/demo/html/template/assets/plugins/icons/feather/fonts/feather-webfont6cfa.eot]
[smarthr.co.in/demo/html/template/assets/plugins/icons/feather/fonts/feather-webfont6cfa.woff]
[smarthr.co.in/demo/html/template/assets/plugins/icons/feather/fonts/feather-webfont6cfa.ttf]
[smarthr.co.in/demo/html/template/assets/plugins/icons/feather/fonts/feather-webfont6cfa.svg]
[smarthr.co.in/demo/html/template/assets/plugins/icons/feather/feather.css]
[smarthr.co.in/demo/html/template/assets/plugins/tabler-icons/fonts/tabler-icons283e.woff2]
[smarthr.co.in/demo/html/template/assets/plugins/tabler-icons/fonts/tabler-iconsd41d.woff]
[smarthr.co.in/demo/html/template/assets/plugins/tabler-icons/tabler-icons.css]
[smarthr.co.in/demo/html/template/assets/plugins/select2/css/select2.min.css]
[smarthr.co.in/demo/html/template/assets/plugins/fontawesome/css/fontawesome.min.css]
[smarthr.co.in/demo/html/template/assets/plugins/fontawesome/webfonts/fa-brands-400.woff2]
[smarthr.co.in/demo/html/template/assets/plugins/fontawesome/webfonts/fa-brands-400.ttf]
[smarthr.co.in/demo/html/template/assets/plugins/tabler-icons/fonts/tabler-icons283e.ttf]
[smarthr.co.in/demo/html/template/assets/plugins/fontawesome/webfonts/fa-regular-400.woff2]
[smarthr.co.in/demo/html/template/assets/plugins/fontawesome/webfonts/fa-regular-400.ttf]
[smarthr.co.in/demo/html/template/assets/plugins/fontawesome/webfonts/fa-solid-900.woff2]
[smarthr.co.in/demo/html/template/assets/plugins/fontawesome/webfonts/fa-solid-900.ttf]
[smarthr.co.in/demo/html/template/assets/plugins/fontawesome/webfonts/fa-v4compatibility.woff2]
[smarthr.co.in/demo/html/template/assets/plugins/fontawesome/css/all.min.css]
[smarthr.co.in/demo/html/template/assets/css/bootstrap-datetimepicker.min.css]
[smarthr.co.in/demo/html/template/assets/plugins/bootstrap-tagsinput/bootstrap-tagsinput.css]
[smarthr.co.in/demo/html/template/assets/plugins/fontawesome/webfonts/fa-v4compatibility.ttf]
[smarthr.co.in/demo/html/template/assets/plugins/summernote/font/summernote.eot]
[smarthr.co.in/demo/html/template/assets/plugins/summernote/font/summernoted41d.eot]
[smarthr.co.in/demo/html/template/assets/plugins/summernote/font/summernote.woff2]
[smarthr.co.in/demo/html/template/assets/plugins/summernote/font/summernote.woff]
[smarthr.co.in/demo/html/template/assets/plugins/summernote/summernote-lite.min.css]
[smarthr.co.in/demo/html/template/assets/plugins/daterangepicker/daterangepicker.css]
[smarthr.co.in/demo/html/template/assets/plugins/flatpickr/flatpickr.min.css]
[smarthr.co.in/demo/html/template/assets/plugins/@simonwep/pickr/themes/nano.min.css]
[smarthr.co.in/demo/html/template/assets/plugins/summernote/font/summernote.ttf]
[smarthr.co.in/demo/html/template/assets/img/bg/upgrade-bg.svg]
[smarthr.co.in/demo/html/template/assets/img/bg/theme-bg.svg]
[smarthr.co.in/demo/html/template/assets/img/icons/check.svg]
[smarthr.co.in/demo/html/template/assets/img/bg/modern-bg.png]
[smarthr.co.in/demo/html/template/assets/img/bg/overlay-bg.png]
[smarthr.co.in/demo/html/template/assets/img/theme/bg-01.jpg]
[smarthr.co.in/demo/html/template/assets/img/theme/bg-02.jpg]
[smarthr.co.in/demo/html/template/assets/img/theme/bg-03.jpg]
[smarthr.co.in/demo/html/template/assets/img/theme/bg-04.jpg]
[smarthr.co.in/demo/html/template/assets/img/theme/bg-05.jpg]
[smarthr.co.in/demo/html/template/assets/img/theme/bg-06.jpg]
[smarthr.co.in/demo/html/template/assets/img/theme/pattern-01.png]
[smarthr.co.in/demo/html/template/assets/img/theme/pattern-03.png]
[smarthr.co.in/demo/html/template/assets/img/icons/dropdown.svg]
[smarthr.co.in/demo/html/template/assets/img/profiles/mail-user.jpg]
[smarthr.co.in/demo/html/template/assets/img/bg/card-bg.png]
[smarthr.co.in/demo/html/template/assets/img/bg/bg-green-01.svg]
[smarthr.co.in/demo/html/template/assets/img/bg/bg-pink-01.svg]
[smarthr.co.in/demo/html/template/assets/img/bg/bg-yellow-01.svg]
[smarthr.co.in/demo/html/template/assets/img/bg/bg-blue-01.svg]
[smarthr.co.in/demo/html/template/assets/img/bg/bg-black-le.svg]
[smarthr.co.in/demo/html/template/assets/img/bg/bg-blue-le.svg]
[smarthr.co.in/demo/html/template/assets/img/bg/bg-purple-le.svg]
[smarthr.co.in/demo/html/template/assets/img/bg/bg-pink-le.svg]
[smarthr.co.in/demo/html/template/assets/img/bg/card-bg-02.png]
[smarthr.co.in/demo/html/template/assets/img/bg/card-bg-05.png]
[smarthr.co.in/demo/html/template/assets/img/bg/card-bg-03.png]
[smarthr.co.in/demo/html/template/assets/css/style.css]
[smarthr.co.in/demo/html/template/assets/img/logo.svg]
[smarthr.co.in/demo/html/template/assets/img/logo-white.svg]
[smarthr.co.in/demo/html/template/contacts.html]
[smarthr.co.in/demo/html/template/deals-grid.html]
[smarthr.co.in/demo/html/template/pipeline.html]
[smarthr.co.in/demo/html/template/companies-grid.html]
[smarthr.co.in/demo/html/template/leads-grid.html]
[smarthr.co.in/demo/html/template/activity.html]
[smarthr.co.in/demo/html/template/profile-settings.html]
[smarthr.co.in/demo/html/template/employee-dashboard.html]
[smarthr.co.in/demo/html/template/deals-dashboard.html]
[smarthr.co.in/demo/html/template/leads-dashboard.html]
[smarthr.co.in/demo/html/template/dashboard.html]
[smarthr.co.in/demo/html/template/companies.html]
[smarthr.co.in/demo/html/template/subscription.html]
[smarthr.co.in/demo/html/template/packages.html]
[smarthr.co.in/demo/html/template/domain.html]
[smarthr.co.in/demo/html/template/purchase-transaction.html]
[smarthr.co.in/demo/html/template/chat.html]
[smarthr.co.in/demo/html/template/call.html]
[smarthr.co.in/demo/html/template/voice-call.html]
[smarthr.co.in/demo/html/template/video-call.html]
[smarthr.co.in/demo/html/template/outgoing-call.html]
[smarthr.co.in/demo/html/template/incoming-call.html]
[smarthr.co.in/demo/html/template/call-history.html]
[smarthr.co.in/demo/html/template/calendar.html]
[smarthr.co.in/demo/html/template/email.html]
[smarthr.co.in/demo/html/template/todo.html]
[smarthr.co.in/demo/html/template/notes.html]
[smarthr.co.in/demo/html/template/file-manager.html]
[smarthr.co.in/demo/html/template/kanban-view.html]
[smarthr.co.in/demo/html/template/invoices.html]
[smarthr.co.in/demo/html/template/layout-horizontal.html]
[smarthr.co.in/demo/html/template/layout-detached.html]
[smarthr.co.in/demo/html/template/layout-modern.html]
[smarthr.co.in/demo/html/template/layout-two-column.html]
[smarthr.co.in/demo/html/template/layout-hovered.html]
[smarthr.co.in/demo/html/template/layout-box.html]
[smarthr.co.in/demo/html/template/layout-horizontal-single.html]
[smarthr.co.in/demo/html/template/layout-horizontal-overlay.html]
[smarthr.co.in/demo/html/template/layout-horizontal-box.html]
[smarthr.co.in/demo/html/template/layout-horizontal-sidemenu.html]
[smarthr.co.in/demo/html/template/layout-vertical-transparent.html]
[smarthr.co.in/demo/html/template/layout-without-header.html]
[smarthr.co.in/demo/html/template/layout-rtl.html]
[smarthr.co.in/demo/html/template/layout-dark.html]
[smarthr.co.in/demo/html/template/clients-grid.html]
[smarthr.co.in/demo/html/template/projects-grid.html]
[smarthr.co.in/demo/html/template/tasks.html]
[smarthr.co.in/demo/html/template/task-board.html]
[smarthr.co.in/demo/html/template/contacts-grid.html]
[smarthr.co.in/demo/html/template/analytics.html]
[smarthr.co.in/demo/html/template/employees.html]
[smarthr.co.in/demo/html/template/employees-grid.html]
[smarthr.co.in/demo/html/template/employee-details.html]
[smarthr.co.in/demo/html/template/departments.html]
[smarthr.co.in/demo/html/template/designations.html]
[smarthr.co.in/demo/html/template/policy.html]
[smarthr.co.in/demo/html/template/tickets.html]
[smarthr.co.in/demo/html/template/ticket-details.html]
[smarthr.co.in/demo/html/template/holidays.html]
[smarthr.co.in/demo/html/template/leaves-employee.html]
[smarthr.co.in/demo/html/template/attendance-admin.html]
[smarthr.co.in/demo/html/template/attendance-employee.html]
[smarthr.co.in/demo/html/template/timesheets.html]
[smarthr.co.in/demo/html/template/schedule-timing.html]
[smarthr.co.in/demo/html/template/overtime.html]
[smarthr.co.in/demo/html/template/performance-indicator.html]
[smarthr.co.in/demo/html/template/performance-review.html]
[smarthr.co.in/demo/html/template/performance-appraisal.html]
[smarthr.co.in/demo/html/template/goal-tracking.html]
[smarthr.co.in/demo/html/template/goal-type.html]
[smarthr.co.in/demo/html/template/training.html]
[smarthr.co.in/demo/html/template/trainers.html]
[smarthr.co.in/demo/html/template/training-type.html]
[smarthr.co.in/demo/html/template/promotion.html]
[smarthr.co.in/demo/html/template/resignation.html]
[smarthr.co.in/demo/html/template/termination.html]
[smarthr.co.in/demo/html/template/estimates.html]
[smarthr.co.in/demo/html/template/payments.html]
[smarthr.co.in/demo/html/template/expenses.html]
[smarthr.co.in/demo/html/template/leaves]
[smarthr.co.in/demo/html/template/provident-fund.html]
[smarthr.co.in/demo/html/template/taxes.html]
[smarthr.co.in/demo/html/template/categories.html]
[smarthr.co.in/demo/html/template/budgets.html]
[smarthr.co.in/demo/html/template/budget-expenses.html]
[smarthr.co.in/demo/html/template/budget-revenues.html]
[smarthr.co.in/demo/html/template/leave-settings]
[smarthr.co.in/demo/html/template/employee-salary.html]
[smarthr.co.in/demo/html/template/payslip.html]
[smarthr.co.in/demo/html/template/payroll.html]
[smarthr.co.in/demo/html/template/assets/index.html]
[smarthr.co.in/demo/html/template/asset-categories.html]
[smarthr.co.in/demo/html/template/knowledgebase.html]
[smarthr.co.in/demo/html/template/users.html]
[smarthr.co.in/demo/html/template/roles-permissions.html]
[smarthr.co.in/demo/html/template/expenses-report.html]
[smarthr.co.in/demo/html/template/invoice-report.html]
[smarthr.co.in/demo/html/template/payment-report.html]
[smarthr.co.in/demo/html/template/project-report.html]
[smarthr.co.in/demo/html/template/task-report.html]
[smarthr.co.in/demo/html/template/user-report.html]
[smarthr.co.in/demo/html/template/employee-report.html]
[smarthr.co.in/demo/html/template/payslip-report.html]
[smarthr.co.in/demo/html/template/attendance-report.html]
[smarthr.co.in/demo/html/template/leave-report.html]
[smarthr.co.in/demo/html/template/daily-report.html]
[smarthr.co.in/demo/html/template/security-settings.html]
[smarthr.co.in/demo/html/template/notification-settings.html]
[smarthr.co.in/demo/html/template/connected-apps.html]
[smarthr.co.in/demo/html/template/bussiness-settings.html]
[smarthr.co.in/demo/html/template/seo-settings.html]
[smarthr.co.in/demo/html/template/localization-settings.html]
[smarthr.co.in/demo/html/template/prefixes.html]
[smarthr.co.in/demo/html/template/preferences.html]
[smarthr.co.in/demo/html/template/language.html]
[smarthr.co.in/demo/html/template/authentication-settings.html]
[smarthr.co.in/demo/html/template/ai-settings.html]
[smarthr.co.in/demo/html/template/salary-settings.html]
[smarthr.co.in/demo/html/template/approval-settings.html]
[smarthr.co.in/demo/html/template/invoice-settings.html]
[smarthr.co.in/demo/html/template/leave-type.html]
[smarthr.co.in/demo/html/template/custom-fields.html]
[smarthr.co.in/demo/html/template/email-settings.html]
[smarthr.co.in/demo/html/template/email-template.html]
[smarthr.co.in/demo/html/template/sms-settings.html]
[smarthr.co.in/demo/html/template/sms-template.html]
[smarthr.co.in/demo/html/template/otp-settings.html]
[smarthr.co.in/demo/html/template/gdpr.html]
[smarthr.co.in/demo/html/template/maintenance-mode.html]
[smarthr.co.in/demo/html/template/payment-gateways.html]
[smarthr.co.in/demo/html/template/tax-rates.html]
[smarthr.co.in/demo/html/template/currencies.html]
[smarthr.co.in/demo/html/template/custom-css.html]
[smarthr.co.in/demo/html/template/custom-js.html]
[smarthr.co.in/demo/html/template/cronjob.html]
[smarthr.co.in/demo/html/template/storage-settings.html]
[smarthr.co.in/demo/html/template/ban-ip-address.html]
[smarthr.co.in/demo/html/template/backup.html]
[smarthr.co.in/demo/html/template/clear-cache.html]
[smarthr.co.in/demo/html/template/starter.html]
[smarthr.co.in/demo/html/template/profile.html]
[smarthr.co.in/demo/html/template/gallery.html]
[smarthr.co.in/demo/html/template/search-result.html]
[smarthr.co.in/demo/html/template/timeline.html]
[smarthr.co.in/demo/html/template/pricing.html]
[smarthr.co.in/demo/html/template/coming-soon.html]
[smarthr.co.in/demo/html/template/under-maintenance.html]
[smarthr.co.in/demo/html/template/under-construction.html]
[smarthr.co.in/demo/html/template/api-keys.html]
[smarthr.co.in/demo/html/template/privacy-policy.html]
[smarthr.co.in/demo/html/template/terms-condition.html]
[smarthr.co.in/demo/html/template/pages.html]
[smarthr.co.in/demo/html/template/blogs.html]
[smarthr.co.in/demo/html/template/blog-categories.html]
[smarthr.co.in/demo/html/template/blog-comments.html]
[smarthr.co.in/demo/html/template/blog-tags.html]
[smarthr.co.in/demo/html/template/countries.html]
[smarthr.co.in/demo/html/template/states.html]
[smarthr.co.in/demo/html/template/cities.html]
[smarthr.co.in/demo/html/template/testimonials.html]
[smarthr.co.in/demo/html/template/faq.html]
[smarthr.co.in/demo/html/template/login.html]
[smarthr.co.in/demo/html/template/login-2.html]
[smarthr.co.in/demo/html/template/login-3.html]
[smarthr.co.in/demo/html/template/register.html]
[smarthr.co.in/demo/html/template/register-2.html]
[smarthr.co.in/demo/html/template/register-3.html]
[smarthr.co.in/demo/html/template/forgot-password.html]
[smarthr.co.in/demo/html/template/forgot-password-2.html]
[smarthr.co.in/demo/html/template/forgot-password-3.html]
[smarthr.co.in/demo/html/template/reset-password.html]
[smarthr.co.in/demo/html/template/reset-password-2.html]
[smarthr.co.in/demo/html/template/reset-password-3.html]
[smarthr.co.in/demo/html/template/email-verification.html]
[smarthr.co.in/demo/html/template/email-verification-2.html]
[smarthr.co.in/demo/html/template/email-verification-3.html]
[smarthr.co.in/demo/html/template/two-step-verification.html]
[smarthr.co.in/demo/html/template/two-step-verification-2.html]
[smarthr.co.in/demo/html/template/two-step-verification-3.html]
[smarthr.co.in/demo/html/template/lock-screen.html]
[smarthr.co.in/demo/html/template/error-404.html]
[smarthr.co.in/demo/html/template/error-500.html]
[smarthr.co.in/demo/html/template/ui-alerts.html]
[smarthr.co.in/demo/html/template/ui-accordion.html]
[smarthr.co.in/demo/html/template/ui-avatar.html]
[smarthr.co.in/demo/html/template/ui-badges.html]
[smarthr.co.in/demo/html/template/ui-borders.html]
[smarthr.co.in/demo/html/template/ui-buttons.html]
[smarthr.co.in/demo/html/template/ui-buttons-group.html]
[smarthr.co.in/demo/html/template/ui-breadcrumb.html]
[smarthr.co.in/demo/html/template/ui-cards.html]
[smarthr.co.in/demo/html/template/ui-carousel.html]
[smarthr.co.in/demo/html/template/ui-colors.html]
[smarthr.co.in/demo/html/template/ui-dropdowns.html]
[smarthr.co.in/demo/html/template/ui-grid.html]
[smarthr.co.in/demo/html/template/ui-images.html]
[smarthr.co.in/demo/html/template/ui-lightbox.html]
[smarthr.co.in/demo/html/template/ui-media.html]
[smarthr.co.in/demo/html/template/ui-modals.html]
[smarthr.co.in/demo/html/template/ui-offcanvas.html]
[smarthr.co.in/demo/html/template/ui-pagination.html]
[smarthr.co.in/demo/html/template/ui-popovers.html]
[smarthr.co.in/demo/html/template/ui-progress.html]
[smarthr.co.in/demo/html/template/ui-placeholders.html]
[smarthr.co.in/demo/html/template/ui-spinner.html]
[smarthr.co.in/demo/html/template/ui-sweetalerts.html]
[smarthr.co.in/demo/html/template/ui-nav-tabs.html]
[smarthr.co.in/demo/html/template/ui-toasts.html]
[smarthr.co.in/demo/html/template/ui-tooltips.html]
[smarthr.co.in/demo/html/template/ui-typography.html]
[smarthr.co.in/demo/html/template/ui-video.html]
[smarthr.co.in/demo/html/template/ui-sortable.html]
[smarthr.co.in/demo/html/template/ui-swiperjs.html]
[smarthr.co.in/demo/html/template/ui-ribbon.html]
[smarthr.co.in/demo/html/template/ui-clipboard.html]
[smarthr.co.in/demo/html/template/ui-drag-drop.html]
[smarthr.co.in/demo/html/template/ui-rangeslider.html]
[smarthr.co.in/demo/html/template/ui-rating.html]
[smarthr.co.in/demo/html/template/ui-text-editor.html]
[smarthr.co.in/demo/html/template/ui-counter.html]
[smarthr.co.in/demo/html/template/ui-scrollbar.html]
[smarthr.co.in/demo/html/template/ui-stickynote.html]
[smarthr.co.in/demo/html/template/ui-timeline.html]
[smarthr.co.in/demo/html/template/form-basic-inputs.html]
[smarthr.co.in/demo/html/template/form-checkbox-radios.html]
[smarthr.co.in/demo/html/template/form-input-groups.html]
[smarthr.co.in/demo/html/template/form-grid-gutters.html]
[smarthr.co.in/demo/html/template/form-select.html]
[smarthr.co.in/demo/html/template/form-mask.html]
[smarthr.co.in/demo/html/template/form-fileupload.html]
[smarthr.co.in/demo/html/template/form-horizontal.html]
[smarthr.co.in/demo/html/template/form-vertical.html]
[smarthr.co.in/demo/html/template/form-floating-labels.html]
[smarthr.co.in/demo/html/template/form-validation.html]
[smarthr.co.in/demo/html/template/form-select2.html]
[smarthr.co.in/demo/html/template/form-wizard.html]
[smarthr.co.in/demo/html/template/form-pickers.html]
[smarthr.co.in/demo/html/template/tables-basic.html]
[smarthr.co.in/demo/html/template/data-tables.html]
[smarthr.co.in/demo/html/template/chart-apex.html]
[smarthr.co.in/demo/html/template/chart-c3.html]
[smarthr.co.in/demo/html/template/chart-js.html]
[smarthr.co.in/demo/html/template/chart-morris.html]
[smarthr.co.in/demo/html/template/chart-flot.html]
[smarthr.co.in/demo/html/template/chart-peity.html]
[smarthr.co.in/demo/html/template/icon-fontawesome.html]
[smarthr.co.in/demo/html/template/icon-tabler.html]
[smarthr.co.in/demo/html/template/icon-bootstrap.html]
[smarthr.co.in/demo/html/template/icon-remix.html]
[smarthr.co.in/demo/html/template/icon-feather.html]
[smarthr.co.in/demo/html/template/icon-ionic.html]
[smarthr.co.in/demo/html/template/icon-material.html]
[smarthr.co.in/demo/html/template/icon-pe7.html]
[smarthr.co.in/demo/html/template/icon-simpleline.html]
[smarthr.co.in/demo/html/template/icon-themify.html]
[smarthr.co.in/demo/html/template/icon-weather.html]
[smarthr.co.in/demo/html/template/icon-typicon.html]
[smarthr.co.in/demo/html/template/icon-flag.html]
[smarthr.co.in/demo/html/template/maps-vector.html]
[smarthr.co.in/demo/html/template/maps-leaflet.html]
[smarthr.co.in/demo/html/template/assets/img/logo-small.svg]
[smarthr.co.in/demo/html/template/social-feed.html]
[smarthr.co.in/demo/html/template/job-grid.html]
[smarthr.co.in/demo/html/template/candidates-grid.html]
[smarthr.co.in/demo/html/template/refferals.html]
[smarthr.co.in/demo/html/template/projects.html]
[smarthr.co.in/demo/html/template/clients.html]
[smarthr.co.in/demo/html/template/job-list.html]
[smarthr.co.in/demo/html/template/candidates.html]
[smarthr.co.in/demo/html/template/assets/img/icons/apple.svg]
[smarthr.co.in/demo/html/template/assets/img/icons/php.svg]
[smarthr.co.in/demo/html/template/assets/img/icons/react.svg]
[smarthr.co.in/demo/html/template/assets/img/icons/laravel-icon.svg]
[smarthr.co.in/demo/html/template/invoice-details.html]
[smarthr.co.in/demo/html/template/invoice.html]
[smarthr.co.in/demo/html/template/project-details.html]
[smarthr.co.in/demo/html/template/assets/plugins/icons/feather/fonts/feather-webfont6cfa.html]
[smarthr.co.in/demo/html/template/assets/plugins/icons/feather/fonts/feather-webfont6cfa-2.html]
[smarthr.co.in/demo/html/template/assets/plugins/icons/feather/fonts/feather-webfont6cfa-3.html]
[smarthr.co.in/demo/html/template/assets/img/bg/upgrade-bg.svg]
[smarthr.co.in/demo/html/template/assets/img/bg/theme-bg.svg]
[smarthr.co.in/demo/html/template/assets/img/icons/check.html]
[smarthr.co.in/demo/html/template/assets/img/icons/dropdown.html]
[smarthr.co.in/demo/html/template/assets/img/bg/bg-green-01.svg]
[smarthr.co.in/demo/html/template/assets/img/bg/bg-pink-01.svg]
[smarthr.co.in/demo/html/template/assets/img/bg/bg-yellow-01.svg]
[smarthr.co.in/demo/html/template/assets/img/bg/bg-blue-01.svg]
[smarthr.co.in/demo/html/template/assets/img/bg/bg-black-le.svg]
[smarthr.co.in/demo/html/template/assets/img/bg/bg-blue-le.svg]
[smarthr.co.in/demo/html/template/assets/img/bg/bg-purple-le.svg]
[smarthr.co.in/demo/html/template/assets/img/bg/bg-pink-le.svg]
[smarthr.co.in/demo/html/template/leaves]
[smarthr.co.in/demo/html/template/leave-settings]
